// Jest Snapshot v1, https://goo.gl/fbAQLP

exports[`Servers should render correctly 1`] = `ShallowWrapper {}`;
