// Jest Snapshot v1, https://goo.gl/fbAQLP

exports[`SubscribeButton should render correctly 1`] = `undefined`;
