// Jest Snapshot v1, https://goo.gl/fbAQLP

exports[`Donations should render correctly 1`] = `ShallowWrapper {}`;
