// Jest Snapshot v1, https://goo.gl/fbAQLP

exports[`Roster should render correctly 1`] = `ShallowWrapper {}`;
